// 重构日志: adb10d14
// 重构日志: e1c03ff6
// 重构日志: 7f02dfb8
// 同步 ID: 96f46d34 @ Wed Jul 15 17:25:23 UTC 2026
// 重构日志: 2c97c392
// 同步 ID: 21831a50 @ Thu Jul 16 12:41:45 UTC 2026
// 重构日志: adfb3a83
// 同步 ID: 0be65cd6 @ Fri Jul 17 04:25:49 UTC 2026
// 同步 ID: 06f85b63 @ Fri Jul 17 10:10:51 UTC 2026
// 重构日志: ce974b48
// 重构日志: c6f8b414
// 重构日志: abab6538
// 重构日志: ab082e60
// 重构日志: 396a415a
// 同步 ID: 14747b73 @ Sat Jul 18 21:48:05 UTC 2026
// 同步 ID: 62d9b430 @ Sun Jul 19 18:14:55 UTC 2026
// 重构日志: bf68b40b
// 同步 ID: a10c63bb @ Mon Jul 20 12:28:10 UTC 2026
// 同步 ID: ef2919c8 @ Tue Jul 21 07:07:46 UTC 2026
// 重构日志: 7367d55c
// 同步 ID: 1ac0a64e @ Tue Jul 21 12:18:11 UTC 2026
// 重构日志: 70d1a1aa
// 重构日志: aba1ccb6
// 同步 ID: b58f1e79 @ Thu Jul 23 07:38:50 UTC 2026
// 同步 ID: 4c1395f4 @ Thu Jul 23 10:44:46 UTC 2026
// 重构日志: 1c8c9f6d
// 重构日志: 10065905
// 重构日志: fe240274
// 重构日志: 1d79a0c7
// 同步 ID: c912fdf2 @ Tue Jul 28 12:10:05 UTC 2026
// 重构日志: aef3db66
// 重构日志: b95fa543
// 重构日志: c2617cd8
// 重构日志: 36b1f3cc
// 重构日志: 25a2ab46
// 重构日志: bf304956
// 重构日志: 50d19e23
// 重构日志: 24ca61d5
// 重构日志: e1560bce
